// Vitest Snapshot v1, https://vitest.dev/guide/snapshot.html

exports[`ContactForm.vue > should render correctly 1`] = `""`;
